results will be posted here